
ABHISHEK@Lenovo-PC MINGW64 ~/Desktop
$ git status
fatal: Not a git repository (or any of the parent directories): .git

ABHISHEK@Lenovo-PC MINGW64 ~/Desktop
$ ls
 /  desktop.ini  'Eclipse Java Oxygen.lnk'*  'Eclipse Jee Oxygen.lnk'*  Thumbs.db

ABHISHEK@Lenovo-PC MINGW64 ~/Desktop
$ mkdir cdac2019_8

ABHISHEK@Lenovo-PC MINGW64 ~/Desktop
$ cd cdac2019_8/

ABHISHEK@Lenovo-PC MINGW64 ~/Desktop/cdac2019_8
$ git clone https://github.com/cdacteam8/CDACProject.git
Cloning into 'CDACProject'...
warning: You appear to have cloned an empty repository.
Checking connectivity... done.

ABHISHEK@Lenovo-PC MINGW64 ~/Desktop/cdac2019_8
$ ls
CDACProject/

ABHISHEK@Lenovo-PC MINGW64 ~/Desktop/cdac2019_8
$ cd CDACProject/

ABHISHEK@Lenovo-PC MINGW64 ~/Desktop/cdac2019_8/CDACProject (master)
$ ls

ABHISHEK@Lenovo-PC MINGW64 ~/Desktop/cdac2019_8/CDACProject (master)
$ touch README.md

ABHISHEK@Lenovo-PC MINGW64 ~/Desktop/cdac2019_8/CDACProject (master)
$ git status
On branch master

Initial commit

Untracked files:
  (use "git add <file>..." to include in what will be committed)

        README.md

nothing added to commit but untracked files present (use "git add" to track)

ABHISHEK@Lenovo-PC MINGW64 ~/Desktop/cdac2019_8/CDACProject (master)
$ git add .

ABHISHEK@Lenovo-PC MINGW64 ~/Desktop/cdac2019_8/CDACProject (master)
$ git status
On branch master

Initial commit

Changes to be committed:
  (use "git rm --cached <file>..." to unstage)

        new file:   README.md


ABHISHEK@Lenovo-PC MINGW64 ~/Desktop/cdac2019_8/CDACProject (master)
$ git commit -m "just for testing and demo purpose empty file has been committed for this commit demo"
[master (root-commit) 481e919] just for testing and demo purpose empty file has been committed for this commit demo
 Committer: Abhishek khedulkar <Abhishek khedulkar>
Your name and email address were configured automatically based
on your username and hostname. Please check that they are accurate.
You can suppress this message by setting them explicitly. Run the
following command and follow the instructions in your editor to edit
your configuration file:

    git config --global --edit

After doing this, you may fix the identity used for this commit with:

    git commit --amend --reset-author

 1 file changed, 0 insertions(+), 0 deletions(-)
 create mode 100644 README.md

ABHISHEK@Lenovo-PC MINGW64 ~/Desktop/cdac2019_8/CDACProject (master)
$ git status
On branch master
Your branch is based on 'origin/master', but the upstream is gone.
  (use "git branch --unset-upstream" to fixup)
nothing to commit, working directory clean

ABHISHEK@Lenovo-PC MINGW64 ~/Desktop/cdac2019_8/CDACProject (master)
$ git push origin master
Fatal: AggregateException encountered.
Username for 'https://github.com':
remote: No anonymous write access.
fatal: Authentication failed for 'https://github.com/cdacteam8/CDACProject.git/'

ABHISHEK@Lenovo-PC MINGW64 ~/Desktop/cdac2019_8/CDACProject (master)
$

ABHISHEK@Lenovo-PC MINGW64 ~/Desktop/cdac2019_8/CDACProject (master)
$

ABHISHEK@Lenovo-PC MINGW64 ~/Desktop/cdac2019_8/CDACProject (master)
$ git push origin master
Fatal: AggregateException encountered.
Username for 'https://github.com': Abhishekkhedulkar
Counting objects: 3, done.
Writing objects: 100% (3/3), 248 bytes | 0 bytes/s, done.
Total 3 (delta 0), reused 0 (delta 0)
To https://github.com/cdacteam8/CDACProject.git
 * [new branch]      master -> master

ABHISHEK@Lenovo-PC MINGW64 ~/Desktop/cdac2019_8/CDACProject (master)
$ git
usage: git [--version] [--help] [-C <path>] [-c name=value]
           [--exec-path[=<path>]] [--html-path] [--man-path] [--info-path]
           [-p | --paginate | --no-pager] [--no-replace-objects] [--bare]
           [--git-dir=<path>] [--work-tree=<path>] [--namespace=<name>]
           <command> [<args>]

These are common Git commands used in various situations:

start a working area (see also: git help tutorial)
   clone      Clone a repository into a new directory
   init       Create an empty Git repository or reinitialize an existing one

work on the current change (see also: git help everyday)
   add        Add file contents to the index
   mv         Move or rename a file, a directory, or a symlink
   reset      Reset current HEAD to the specified state
   rm         Remove files from the working tree and from the index

examine the history and state (see also: git help revisions)
   bisect     Use binary search to find the commit that introduced a bug
   grep       Print lines matching a pattern
   log        Show commit logs
   show       Show various types of objects
   status     Show the working tree status

grow, mark and tweak your common history
   branch     List, create, or delete branches
   checkout   Switch branches or restore working tree files
   commit     Record changes to the repository
   diff       Show changes between commits, commit and working tree, etc
   merge      Join two or more development histories together
   rebase     Reapply commits on top of another base tip
   tag        Create, list, delete or verify a tag object signed with GPG

collaborate (see also: git help workflows)
   fetch      Download objects and refs from another repository
   pull       Fetch from and integrate with another repository or a local branch
   push       Update remote refs along with associated objects

'git help -a' and 'git help -g' list available subcommands and some
concept guides. See 'git help <command>' or 'git help <concept>'
to read about a specific subcommand or concept.

ABHISHEK@Lenovo-PC MINGW64 ~/Desktop/cdac2019_8/CDACProject (master)
$ git status
On branch master
Your branch is up-to-date with 'origin/master'.
nothing to commit, working directory clean

ABHISHEK@Lenovo-PC MINGW64 ~/Desktop/cdac2019_8/CDACProject (master)
$ ls
README.md

ABHISHEK@Lenovo-PC MINGW64 ~/Desktop/cdac2019_8/CDACProject (master)
$ ls
README.md

ABHISHEK@Lenovo-PC MINGW64 ~/Desktop/cdac2019_8/CDACProject (master)
$
